Archive member included to satisfy reference by file (symbol)

/usr/local/Cellar/avr-gcc/4.9.3/lib/gcc/avr/4.9.3/../../../../avr/lib/avr5/libm.a(addsf3.o)
                              graphics.o (__subsf3)
/usr/local/Cellar/avr-gcc/4.9.3/lib/gcc/avr/4.9.3/../../../../avr/lib/avr5/libm.a(addsf3x.o)
                              /usr/local/Cellar/avr-gcc/4.9.3/lib/gcc/avr/4.9.3/../../../../avr/lib/avr5/libm.a(addsf3.o) (__addsf3x)
/usr/local/Cellar/avr-gcc/4.9.3/lib/gcc/avr/4.9.3/../../../../avr/lib/avr5/libm.a(ceil.o)
                              sprite.o (ceil)
/usr/local/Cellar/avr-gcc/4.9.3/lib/gcc/avr/4.9.3/../../../../avr/lib/avr5/libm.a(cmpsf2.o)
                              graphics.o (__ltsf2)
/usr/local/Cellar/avr-gcc/4.9.3/lib/gcc/avr/4.9.3/../../../../avr/lib/avr5/libm.a(divsf3.o)
                              graphics.o (__divsf3)
/usr/local/Cellar/avr-gcc/4.9.3/lib/gcc/avr/4.9.3/../../../../avr/lib/avr5/libm.a(divsf3x.o)
                              /usr/local/Cellar/avr-gcc/4.9.3/lib/gcc/avr/4.9.3/../../../../avr/lib/avr5/libm.a(divsf3.o) (__divsf3x)
/usr/local/Cellar/avr-gcc/4.9.3/lib/gcc/avr/4.9.3/../../../../avr/lib/avr5/libm.a(fixsfsi.o)
                              sprite.o (__fixsfsi)
/usr/local/Cellar/avr-gcc/4.9.3/lib/gcc/avr/4.9.3/../../../../avr/lib/avr5/libm.a(fixunssfsi.o)
                              sprite.o (__fixunssfsi)
/usr/local/Cellar/avr-gcc/4.9.3/lib/gcc/avr/4.9.3/../../../../avr/lib/avr5/libm.a(floatsisf.o)
                              sprite.o (__floatunsisf)
/usr/local/Cellar/avr-gcc/4.9.3/lib/gcc/avr/4.9.3/../../../../avr/lib/avr5/libm.a(floor.o)
                              sprite.o (floor)
/usr/local/Cellar/avr-gcc/4.9.3/lib/gcc/avr/4.9.3/../../../../avr/lib/avr5/libm.a(fp_cmp.o)
                              /usr/local/Cellar/avr-gcc/4.9.3/lib/gcc/avr/4.9.3/../../../../avr/lib/avr5/libm.a(cmpsf2.o) (__fp_cmp)
/usr/local/Cellar/avr-gcc/4.9.3/lib/gcc/avr/4.9.3/../../../../avr/lib/avr5/libm.a(fp_inf.o)
                              /usr/local/Cellar/avr-gcc/4.9.3/lib/gcc/avr/4.9.3/../../../../avr/lib/avr5/libm.a(addsf3x.o) (__fp_inf)
/usr/local/Cellar/avr-gcc/4.9.3/lib/gcc/avr/4.9.3/../../../../avr/lib/avr5/libm.a(fp_mintl.o)
                              /usr/local/Cellar/avr-gcc/4.9.3/lib/gcc/avr/4.9.3/../../../../avr/lib/avr5/libm.a(ceil.o) (__fp_mintl)
/usr/local/Cellar/avr-gcc/4.9.3/lib/gcc/avr/4.9.3/../../../../avr/lib/avr5/libm.a(fp_mpack.o)
                              /usr/local/Cellar/avr-gcc/4.9.3/lib/gcc/avr/4.9.3/../../../../avr/lib/avr5/libm.a(ceil.o) (__fp_mpack)
/usr/local/Cellar/avr-gcc/4.9.3/lib/gcc/avr/4.9.3/../../../../avr/lib/avr5/libm.a(fp_nan.o)
                              /usr/local/Cellar/avr-gcc/4.9.3/lib/gcc/avr/4.9.3/../../../../avr/lib/avr5/libm.a(addsf3x.o) (__fp_nan)
/usr/local/Cellar/avr-gcc/4.9.3/lib/gcc/avr/4.9.3/../../../../avr/lib/avr5/libm.a(fp_pscA.o)
                              /usr/local/Cellar/avr-gcc/4.9.3/lib/gcc/avr/4.9.3/../../../../avr/lib/avr5/libm.a(addsf3x.o) (__fp_pscA)
/usr/local/Cellar/avr-gcc/4.9.3/lib/gcc/avr/4.9.3/../../../../avr/lib/avr5/libm.a(fp_pscB.o)
                              /usr/local/Cellar/avr-gcc/4.9.3/lib/gcc/avr/4.9.3/../../../../avr/lib/avr5/libm.a(addsf3x.o) (__fp_pscB)
/usr/local/Cellar/avr-gcc/4.9.3/lib/gcc/avr/4.9.3/../../../../avr/lib/avr5/libm.a(fp_round.o)
                              /usr/local/Cellar/avr-gcc/4.9.3/lib/gcc/avr/4.9.3/../../../../avr/lib/avr5/libm.a(addsf3.o) (__fp_round)
/usr/local/Cellar/avr-gcc/4.9.3/lib/gcc/avr/4.9.3/../../../../avr/lib/avr5/libm.a(fp_split3.o)
                              /usr/local/Cellar/avr-gcc/4.9.3/lib/gcc/avr/4.9.3/../../../../avr/lib/avr5/libm.a(addsf3x.o) (__fp_split3)
/usr/local/Cellar/avr-gcc/4.9.3/lib/gcc/avr/4.9.3/../../../../avr/lib/avr5/libm.a(fp_trunc.o)
                              /usr/local/Cellar/avr-gcc/4.9.3/lib/gcc/avr/4.9.3/../../../../avr/lib/avr5/libm.a(ceil.o) (__fp_trunc)
/usr/local/Cellar/avr-gcc/4.9.3/lib/gcc/avr/4.9.3/../../../../avr/lib/avr5/libm.a(fp_zero.o)
                              /usr/local/Cellar/avr-gcc/4.9.3/lib/gcc/avr/4.9.3/../../../../avr/lib/avr5/libm.a(addsf3x.o) (__fp_zero)
/usr/local/Cellar/avr-gcc/4.9.3/lib/gcc/avr/4.9.3/../../../../avr/lib/avr5/libm.a(gesf2.o)
                              graphics.o (__gesf2)
/usr/local/Cellar/avr-gcc/4.9.3/lib/gcc/avr/4.9.3/../../../../avr/lib/avr5/libm.a(mulsf3.o)
                              sprite.o (__mulsf3)
/usr/local/Cellar/avr-gcc/4.9.3/lib/gcc/avr/4.9.3/../../../../avr/lib/avr5/libm.a(mulsf3x.o)
                              /usr/local/Cellar/avr-gcc/4.9.3/lib/gcc/avr/4.9.3/../../../../avr/lib/avr5/libm.a(mulsf3.o) (__mulsf3x)
/usr/local/Cellar/avr-gcc/4.9.3/lib/gcc/avr/4.9.3/avr5/libgcc.a(_divmodhi4.o)
                              graphics.o (__divmodhi4)
/usr/local/Cellar/avr-gcc/4.9.3/lib/gcc/avr/4.9.3/avr5/libgcc.a(_exit.o)
                              /usr/local/Cellar/avr-gcc/4.9.3/lib/gcc/avr/4.9.3/../../../../avr/lib/avr5/crtm32u4.o (exit)
/usr/local/Cellar/avr-gcc/4.9.3/lib/gcc/avr/4.9.3/avr5/libgcc.a(_clear_bss.o)
                              graphics.o (__do_clear_bss)
/usr/local/Cellar/avr-gcc/4.9.3/lib/gcc/avr/4.9.3/avr5/libgcc.a(_udivmodhi4.o)
                              /usr/local/Cellar/avr-gcc/4.9.3/lib/gcc/avr/4.9.3/avr5/libgcc.a(_divmodhi4.o) (__udivmodhi4)
/usr/local/Cellar/avr-gcc/4.9.3/lib/gcc/avr/4.9.3/../../../../avr/lib/avr5/libc.a(malloc.o)
                              ram_utils.o (malloc)
/usr/local/Cellar/avr-gcc/4.9.3/lib/gcc/avr/4.9.3/avr5/libgcc.a(_copy_data.o)
                              /usr/local/Cellar/avr-gcc/4.9.3/lib/gcc/avr/4.9.3/../../../../avr/lib/avr5/libc.a(malloc.o) (__do_copy_data)

Allocating common symbols
Common symbol       size              file

__brkval            0x2               /usr/local/Cellar/avr-gcc/4.9.3/lib/gcc/avr/4.9.3/../../../../avr/lib/avr5/libc.a(malloc.o)
screen_buffer       0x1f8             graphics.o
__flp               0x2               /usr/local/Cellar/avr-gcc/4.9.3/lib/gcc/avr/4.9.3/../../../../avr/lib/avr5/libc.a(malloc.o)

Discarded input sections

 .data          0x0000000000000000        0x0 /usr/local/Cellar/avr-gcc/4.9.3/lib/gcc/avr/4.9.3/../../../../avr/lib/avr5/crtm32u4.o
 .bss           0x0000000000000000        0x0 /usr/local/Cellar/avr-gcc/4.9.3/lib/gcc/avr/4.9.3/../../../../avr/lib/avr5/crtm32u4.o
 .text          0x0000000000000000        0x0 graphics.o
 .data          0x0000000000000000        0x0 graphics.o
 .bss           0x0000000000000000        0x0 graphics.o
 .text.show_screen
                0x0000000000000000       0x26 graphics.o
 .text.clear_screen
                0x0000000000000000       0x10 graphics.o
 .text.set_pixel
                0x0000000000000000       0x4a graphics.o
 .text.draw_line
                0x0000000000000000      0x27c graphics.o
 .text.draw_char
                0x0000000000000000       0xaa graphics.o
 .text.draw_int
                0x0000000000000000      0x1b4 graphics.o
 .text.draw_string
                0x0000000000000000       0x2e graphics.o
 .progmem.data  0x0000000000000000      0x1e0 graphics.o
 .debug_info    0x0000000000000000      0x6e8 graphics.o
 .debug_abbrev  0x0000000000000000      0x20b graphics.o
 .debug_loc     0x0000000000000000      0xae9 graphics.o
 .debug_aranges
                0x0000000000000000       0x50 graphics.o
 .debug_ranges  0x0000000000000000      0x130 graphics.o
 .debug_line    0x0000000000000000      0x1ff graphics.o
 .debug_str     0x0000000000000000      0x249 graphics.o
 .comment       0x0000000000000000       0x12 graphics.o
 .debug_frame   0x0000000000000000      0x1c8 graphics.o
 COMMON         0x0000000000000000      0x1f8 graphics.o
 .text          0x0000000000000000        0x0 lcd.o
 .data          0x0000000000000000        0x0 lcd.o
 .bss           0x0000000000000000        0x0 lcd.o
 .text.lcd_write
                0x0000000000000000       0x3c lcd.o
 .text.lcd_init
                0x0000000000000000       0x60 lcd.o
 .text.lcd_clear
                0x0000000000000000       0x1a lcd.o
 .text.lcd_position
                0x0000000000000000       0x18 lcd.o
 .debug_info    0x0000000000000000      0x482 lcd.o
 .debug_abbrev  0x0000000000000000      0x10c lcd.o
 .debug_loc     0x0000000000000000      0x178 lcd.o
 .debug_aranges
                0x0000000000000000       0x38 lcd.o
 .debug_ranges  0x0000000000000000       0x28 lcd.o
 .debug_line    0x0000000000000000       0xe6 lcd.o
 .debug_str     0x0000000000000000      0x173 lcd.o
 .comment       0x0000000000000000       0x12 lcd.o
 .debug_frame   0x0000000000000000       0x70 lcd.o
 .text          0x0000000000000000        0x0 ram_utils.o
 .data          0x0000000000000000        0x0 ram_utils.o
 .bss           0x0000000000000000        0x0 ram_utils.o
 .text.estimate_alloc
                0x0000000000000000       0x48 ram_utils.o
 .text.estimate_ram
                0x0000000000000000       0x3a ram_utils.o
 .text.load_rom_bitmap
                0x0000000000000000       0x46 ram_utils.o
 .text.load_rom_string
                0x0000000000000000       0x54 ram_utils.o
 .debug_info    0x0000000000000000      0x2f1 ram_utils.o
 .debug_abbrev  0x0000000000000000      0x11e ram_utils.o
 .debug_loc     0x0000000000000000      0x37a ram_utils.o
 .debug_aranges
                0x0000000000000000       0x38 ram_utils.o
 .debug_ranges  0x0000000000000000       0x28 ram_utils.o
 .debug_line    0x0000000000000000      0x131 ram_utils.o
 .debug_str     0x0000000000000000      0x1c4 ram_utils.o
 .comment       0x0000000000000000       0x12 ram_utils.o
 .debug_frame   0x0000000000000000       0xac ram_utils.o
 .text          0x0000000000000000        0x0 sprite.o
 .data          0x0000000000000000        0x0 sprite.o
 .bss           0x0000000000000000        0x0 sprite.o
 .text.init_sprite
                0x0000000000000000       0x74 sprite.o
 .text.draw_sprite
                0x0000000000000000      0x16a sprite.o
 .debug_info    0x0000000000000000      0x43f sprite.o
 .debug_abbrev  0x0000000000000000      0x13c sprite.o
 .debug_loc     0x0000000000000000      0x2fe sprite.o
 .debug_aranges
                0x0000000000000000       0x28 sprite.o
 .debug_ranges  0x0000000000000000       0x18 sprite.o
 .debug_line    0x0000000000000000       0xef sprite.o
 .debug_str     0x0000000000000000      0x1a8 sprite.o
 .comment       0x0000000000000000       0x12 sprite.o
 .debug_frame   0x0000000000000000       0xd0 sprite.o
 .text          0x0000000000000000        0x0 /usr/local/Cellar/avr-gcc/4.9.3/lib/gcc/avr/4.9.3/../../../../avr/lib/avr5/libm.a(addsf3.o)
 .data          0x0000000000000000        0x0 /usr/local/Cellar/avr-gcc/4.9.3/lib/gcc/avr/4.9.3/../../../../avr/lib/avr5/libm.a(addsf3.o)
 .bss           0x0000000000000000        0x0 /usr/local/Cellar/avr-gcc/4.9.3/lib/gcc/avr/4.9.3/../../../../avr/lib/avr5/libm.a(addsf3.o)
 .text.avr-libc.fplib
                0x0000000000000000        0xe /usr/local/Cellar/avr-gcc/4.9.3/lib/gcc/avr/4.9.3/../../../../avr/lib/avr5/libm.a(addsf3.o)
 .text          0x0000000000000000        0x0 /usr/local/Cellar/avr-gcc/4.9.3/lib/gcc/avr/4.9.3/../../../../avr/lib/avr5/libm.a(addsf3x.o)
 .data          0x0000000000000000        0x0 /usr/local/Cellar/avr-gcc/4.9.3/lib/gcc/avr/4.9.3/../../../../avr/lib/avr5/libm.a(addsf3x.o)
 .bss           0x0000000000000000        0x0 /usr/local/Cellar/avr-gcc/4.9.3/lib/gcc/avr/4.9.3/../../../../avr/lib/avr5/libm.a(addsf3x.o)
 .text.avr-libc.fplib
                0x0000000000000000       0xcc /usr/local/Cellar/avr-gcc/4.9.3/lib/gcc/avr/4.9.3/../../../../avr/lib/avr5/libm.a(addsf3x.o)
 .text          0x0000000000000000        0x0 /usr/local/Cellar/avr-gcc/4.9.3/lib/gcc/avr/4.9.3/../../../../avr/lib/avr5/libm.a(ceil.o)
 .data          0x0000000000000000        0x0 /usr/local/Cellar/avr-gcc/4.9.3/lib/gcc/avr/4.9.3/../../../../avr/lib/avr5/libm.a(ceil.o)
 .bss           0x0000000000000000        0x0 /usr/local/Cellar/avr-gcc/4.9.3/lib/gcc/avr/4.9.3/../../../../avr/lib/avr5/libm.a(ceil.o)
 .text.avr-libc.fplib
                0x0000000000000000       0x2e /usr/local/Cellar/avr-gcc/4.9.3/lib/gcc/avr/4.9.3/../../../../avr/lib/avr5/libm.a(ceil.o)
 .text          0x0000000000000000        0x0 /usr/local/Cellar/avr-gcc/4.9.3/lib/gcc/avr/4.9.3/../../../../avr/lib/avr5/libm.a(cmpsf2.o)
 .data          0x0000000000000000        0x0 /usr/local/Cellar/avr-gcc/4.9.3/lib/gcc/avr/4.9.3/../../../../avr/lib/avr5/libm.a(cmpsf2.o)
 .bss           0x0000000000000000        0x0 /usr/local/Cellar/avr-gcc/4.9.3/lib/gcc/avr/4.9.3/../../../../avr/lib/avr5/libm.a(cmpsf2.o)
 .text.avr-libc.fplib
                0x0000000000000000        0xa /usr/local/Cellar/avr-gcc/4.9.3/lib/gcc/avr/4.9.3/../../../../avr/lib/avr5/libm.a(cmpsf2.o)
 .text          0x0000000000000000        0x0 /usr/local/Cellar/avr-gcc/4.9.3/lib/gcc/avr/4.9.3/../../../../avr/lib/avr5/libm.a(divsf3.o)
 .data          0x0000000000000000        0x0 /usr/local/Cellar/avr-gcc/4.9.3/lib/gcc/avr/4.9.3/../../../../avr/lib/avr5/libm.a(divsf3.o)
 .bss           0x0000000000000000        0x0 /usr/local/Cellar/avr-gcc/4.9.3/lib/gcc/avr/4.9.3/../../../../avr/lib/avr5/libm.a(divsf3.o)
 .text.avr-libc.fplib
                0x0000000000000000        0x8 /usr/local/Cellar/avr-gcc/4.9.3/lib/gcc/avr/4.9.3/../../../../avr/lib/avr5/libm.a(divsf3.o)
 .text          0x0000000000000000        0x0 /usr/local/Cellar/avr-gcc/4.9.3/lib/gcc/avr/4.9.3/../../../../avr/lib/avr5/libm.a(divsf3x.o)
 .data          0x0000000000000000        0x0 /usr/local/Cellar/avr-gcc/4.9.3/lib/gcc/avr/4.9.3/../../../../avr/lib/avr5/libm.a(divsf3x.o)
 .bss           0x0000000000000000        0x0 /usr/local/Cellar/avr-gcc/4.9.3/lib/gcc/avr/4.9.3/../../../../avr/lib/avr5/libm.a(divsf3x.o)
 .text.avr-libc.fplib
                0x0000000000000000       0xdc /usr/local/Cellar/avr-gcc/4.9.3/lib/gcc/avr/4.9.3/../../../../avr/lib/avr5/libm.a(divsf3x.o)
 .text          0x0000000000000000        0x0 /usr/local/Cellar/avr-gcc/4.9.3/lib/gcc/avr/4.9.3/../../../../avr/lib/avr5/libm.a(fixsfsi.o)
 .data          0x0000000000000000        0x0 /usr/local/Cellar/avr-gcc/4.9.3/lib/gcc/avr/4.9.3/../../../../avr/lib/avr5/libm.a(fixsfsi.o)
 .bss           0x0000000000000000        0x0 /usr/local/Cellar/avr-gcc/4.9.3/lib/gcc/avr/4.9.3/../../../../avr/lib/avr5/libm.a(fixsfsi.o)
 .text.avr-libc.fplib
                0x0000000000000000        0xe /usr/local/Cellar/avr-gcc/4.9.3/lib/gcc/avr/4.9.3/../../../../avr/lib/avr5/libm.a(fixsfsi.o)
 .text          0x0000000000000000        0x0 /usr/local/Cellar/avr-gcc/4.9.3/lib/gcc/avr/4.9.3/../../../../avr/lib/avr5/libm.a(fixunssfsi.o)
 .data          0x0000000000000000        0x0 /usr/local/Cellar/avr-gcc/4.9.3/lib/gcc/avr/4.9.3/../../../../avr/lib/avr5/libm.a(fixunssfsi.o)
 .bss           0x0000000000000000        0x0 /usr/local/Cellar/avr-gcc/4.9.3/lib/gcc/avr/4.9.3/../../../../avr/lib/avr5/libm.a(fixunssfsi.o)
 .text.avr-libc.fplib
                0x0000000000000000       0x5e /usr/local/Cellar/avr-gcc/4.9.3/lib/gcc/avr/4.9.3/../../../../avr/lib/avr5/libm.a(fixunssfsi.o)
 .text          0x0000000000000000        0x0 /usr/local/Cellar/avr-gcc/4.9.3/lib/gcc/avr/4.9.3/../../../../avr/lib/avr5/libm.a(floatsisf.o)
 .data          0x0000000000000000        0x0 /usr/local/Cellar/avr-gcc/4.9.3/lib/gcc/avr/4.9.3/../../../../avr/lib/avr5/libm.a(floatsisf.o)
 .bss           0x0000000000000000        0x0 /usr/local/Cellar/avr-gcc/4.9.3/lib/gcc/avr/4.9.3/../../../../avr/lib/avr5/libm.a(floatsisf.o)
 .text.avr-libc.fplib
                0x0000000000000000       0x7a /usr/local/Cellar/avr-gcc/4.9.3/lib/gcc/avr/4.9.3/../../../../avr/lib/avr5/libm.a(floatsisf.o)
 .text          0x0000000000000000        0x0 /usr/local/Cellar/avr-gcc/4.9.3/lib/gcc/avr/4.9.3/../../../../avr/lib/avr5/libm.a(floor.o)
 .data          0x0000000000000000        0x0 /usr/local/Cellar/avr-gcc/4.9.3/lib/gcc/avr/4.9.3/../../../../avr/lib/avr5/libm.a(floor.o)
 .bss           0x0000000000000000        0x0 /usr/local/Cellar/avr-gcc/4.9.3/lib/gcc/avr/4.9.3/../../../../avr/lib/avr5/libm.a(floor.o)
 .text.avr-libc.fplib
                0x0000000000000000       0x2e /usr/local/Cellar/avr-gcc/4.9.3/lib/gcc/avr/4.9.3/../../../../avr/lib/avr5/libm.a(floor.o)
 .text          0x0000000000000000        0x0 /usr/local/Cellar/avr-gcc/4.9.3/lib/gcc/avr/4.9.3/../../../../avr/lib/avr5/libm.a(fp_cmp.o)
 .data          0x0000000000000000        0x0 /usr/local/Cellar/avr-gcc/4.9.3/lib/gcc/avr/4.9.3/../../../../avr/lib/avr5/libm.a(fp_cmp.o)
 .bss           0x0000000000000000        0x0 /usr/local/Cellar/avr-gcc/4.9.3/lib/gcc/avr/4.9.3/../../../../avr/lib/avr5/libm.a(fp_cmp.o)
 .text.avr-libc.fplib
                0x0000000000000000       0x48 /usr/local/Cellar/avr-gcc/4.9.3/lib/gcc/avr/4.9.3/../../../../avr/lib/avr5/libm.a(fp_cmp.o)
 .text          0x0000000000000000        0x0 /usr/local/Cellar/avr-gcc/4.9.3/lib/gcc/avr/4.9.3/../../../../avr/lib/avr5/libm.a(fp_inf.o)
 .data          0x0000000000000000        0x0 /usr/local/Cellar/avr-gcc/4.9.3/lib/gcc/avr/4.9.3/../../../../avr/lib/avr5/libm.a(fp_inf.o)
 .bss           0x0000000000000000        0x0 /usr/local/Cellar/avr-gcc/4.9.3/lib/gcc/avr/4.9.3/../../../../avr/lib/avr5/libm.a(fp_inf.o)
 .text.avr-libc.fplib
                0x0000000000000000        0xc /usr/local/Cellar/avr-gcc/4.9.3/lib/gcc/avr/4.9.3/../../../../avr/lib/avr5/libm.a(fp_inf.o)
 .text          0x0000000000000000        0x0 /usr/local/Cellar/avr-gcc/4.9.3/lib/gcc/avr/4.9.3/../../../../avr/lib/avr5/libm.a(fp_mintl.o)
 .data          0x0000000000000000        0x0 /usr/local/Cellar/avr-gcc/4.9.3/lib/gcc/avr/4.9.3/../../../../avr/lib/avr5/libm.a(fp_mintl.o)
 .bss           0x0000000000000000        0x0 /usr/local/Cellar/avr-gcc/4.9.3/lib/gcc/avr/4.9.3/../../../../avr/lib/avr5/libm.a(fp_mintl.o)
 .text.avr-libc.fplib
                0x0000000000000000       0x36 /usr/local/Cellar/avr-gcc/4.9.3/lib/gcc/avr/4.9.3/../../../../avr/lib/avr5/libm.a(fp_mintl.o)
 .text          0x0000000000000000        0x0 /usr/local/Cellar/avr-gcc/4.9.3/lib/gcc/avr/4.9.3/../../../../avr/lib/avr5/libm.a(fp_mpack.o)
 .data          0x0000000000000000        0x0 /usr/local/Cellar/avr-gcc/4.9.3/lib/gcc/avr/4.9.3/../../../../avr/lib/avr5/libm.a(fp_mpack.o)
 .bss           0x0000000000000000        0x0 /usr/local/Cellar/avr-gcc/4.9.3/lib/gcc/avr/4.9.3/../../../../avr/lib/avr5/libm.a(fp_mpack.o)
 .text.avr-libc.fplib
                0x0000000000000000       0x1c /usr/local/Cellar/avr-gcc/4.9.3/lib/gcc/avr/4.9.3/../../../../avr/lib/avr5/libm.a(fp_mpack.o)
 .text          0x0000000000000000        0x0 /usr/local/Cellar/avr-gcc/4.9.3/lib/gcc/avr/4.9.3/../../../../avr/lib/avr5/libm.a(fp_nan.o)
 .data          0x0000000000000000        0x0 /usr/local/Cellar/avr-gcc/4.9.3/lib/gcc/avr/4.9.3/../../../../avr/lib/avr5/libm.a(fp_nan.o)
 .bss           0x0000000000000000        0x0 /usr/local/Cellar/avr-gcc/4.9.3/lib/gcc/avr/4.9.3/../../../../avr/lib/avr5/libm.a(fp_nan.o)
 .text.avr-libc.fplib
                0x0000000000000000        0x6 /usr/local/Cellar/avr-gcc/4.9.3/lib/gcc/avr/4.9.3/../../../../avr/lib/avr5/libm.a(fp_nan.o)
 .text          0x0000000000000000        0x0 /usr/local/Cellar/avr-gcc/4.9.3/lib/gcc/avr/4.9.3/../../../../avr/lib/avr5/libm.a(fp_pscA.o)
 .data          0x0000000000000000        0x0 /usr/local/Cellar/avr-gcc/4.9.3/lib/gcc/avr/4.9.3/../../../../avr/lib/avr5/libm.a(fp_pscA.o)
 .bss           0x0000000000000000        0x0 /usr/local/Cellar/avr-gcc/4.9.3/lib/gcc/avr/4.9.3/../../../../avr/lib/avr5/libm.a(fp_pscA.o)
 .text.avr-libc.fplib
                0x0000000000000000        0xe /usr/local/Cellar/avr-gcc/4.9.3/lib/gcc/avr/4.9.3/../../../../avr/lib/avr5/libm.a(fp_pscA.o)
 .text          0x0000000000000000        0x0 /usr/local/Cellar/avr-gcc/4.9.3/lib/gcc/avr/4.9.3/../../../../avr/lib/avr5/libm.a(fp_pscB.o)
 .data          0x0000000000000000        0x0 /usr/local/Cellar/avr-gcc/4.9.3/lib/gcc/avr/4.9.3/../../../../avr/lib/avr5/libm.a(fp_pscB.o)
 .bss           0x0000000000000000        0x0 /usr/local/Cellar/avr-gcc/4.9.3/lib/gcc/avr/4.9.3/../../../../avr/lib/avr5/libm.a(fp_pscB.o)
 .text.avr-libc.fplib
                0x0000000000000000        0xe /usr/local/Cellar/avr-gcc/4.9.3/lib/gcc/avr/4.9.3/../../../../avr/lib/avr5/libm.a(fp_pscB.o)
 .text          0x0000000000000000        0x0 /usr/local/Cellar/avr-gcc/4.9.3/lib/gcc/avr/4.9.3/../../../../avr/lib/avr5/libm.a(fp_round.o)
 .data          0x0000000000000000        0x0 /usr/local/Cellar/avr-gcc/4.9.3/lib/gcc/avr/4.9.3/../../../../avr/lib/avr5/libm.a(fp_round.o)
 .bss           0x0000000000000000        0x0 /usr/local/Cellar/avr-gcc/4.9.3/lib/gcc/avr/4.9.3/../../../../avr/lib/avr5/libm.a(fp_round.o)
 .text.avr-libc.fplib
                0x0000000000000000       0x22 /usr/local/Cellar/avr-gcc/4.9.3/lib/gcc/avr/4.9.3/../../../../avr/lib/avr5/libm.a(fp_round.o)
 .text          0x0000000000000000        0x0 /usr/local/Cellar/avr-gcc/4.9.3/lib/gcc/avr/4.9.3/../../../../avr/lib/avr5/libm.a(fp_split3.o)
 .data          0x0000000000000000        0x0 /usr/local/Cellar/avr-gcc/4.9.3/lib/gcc/avr/4.9.3/../../../../avr/lib/avr5/libm.a(fp_split3.o)
 .bss           0x0000000000000000        0x0 /usr/local/Cellar/avr-gcc/4.9.3/lib/gcc/avr/4.9.3/../../../../avr/lib/avr5/libm.a(fp_split3.o)
 .text.avr-libc.fplib
                0x0000000000000000       0x44 /usr/local/Cellar/avr-gcc/4.9.3/lib/gcc/avr/4.9.3/../../../../avr/lib/avr5/libm.a(fp_split3.o)
 .text          0x0000000000000000        0x0 /usr/local/Cellar/avr-gcc/4.9.3/lib/gcc/avr/4.9.3/../../../../avr/lib/avr5/libm.a(fp_trunc.o)
 .data          0x0000000000000000        0x0 /usr/local/Cellar/avr-gcc/4.9.3/lib/gcc/avr/4.9.3/../../../../avr/lib/avr5/libm.a(fp_trunc.o)
 .bss           0x0000000000000000        0x0 /usr/local/Cellar/avr-gcc/4.9.3/lib/gcc/avr/4.9.3/../../../../avr/lib/avr5/libm.a(fp_trunc.o)
 .text.avr-libc.fplib
                0x0000000000000000       0x30 /usr/local/Cellar/avr-gcc/4.9.3/lib/gcc/avr/4.9.3/../../../../avr/lib/avr5/libm.a(fp_trunc.o)
 .text          0x0000000000000000        0x0 /usr/local/Cellar/avr-gcc/4.9.3/lib/gcc/avr/4.9.3/../../../../avr/lib/avr5/libm.a(fp_zero.o)
 .data          0x0000000000000000        0x0 /usr/local/Cellar/avr-gcc/4.9.3/lib/gcc/avr/4.9.3/../../../../avr/lib/avr5/libm.a(fp_zero.o)
 .bss           0x0000000000000000        0x0 /usr/local/Cellar/avr-gcc/4.9.3/lib/gcc/avr/4.9.3/../../../../avr/lib/avr5/libm.a(fp_zero.o)
 .text.avr-libc.fplib
                0x0000000000000000        0xe /usr/local/Cellar/avr-gcc/4.9.3/lib/gcc/avr/4.9.3/../../../../avr/lib/avr5/libm.a(fp_zero.o)
 .text          0x0000000000000000        0x0 /usr/local/Cellar/avr-gcc/4.9.3/lib/gcc/avr/4.9.3/../../../../avr/lib/avr5/libm.a(gesf2.o)
 .data          0x0000000000000000        0x0 /usr/local/Cellar/avr-gcc/4.9.3/lib/gcc/avr/4.9.3/../../../../avr/lib/avr5/libm.a(gesf2.o)
 .bss           0x0000000000000000        0x0 /usr/local/Cellar/avr-gcc/4.9.3/lib/gcc/avr/4.9.3/../../../../avr/lib/avr5/libm.a(gesf2.o)
 .text.avr-libc.fplib
                0x0000000000000000        0xa /usr/local/Cellar/avr-gcc/4.9.3/lib/gcc/avr/4.9.3/../../../../avr/lib/avr5/libm.a(gesf2.o)
 .text          0x0000000000000000        0x0 /usr/local/Cellar/avr-gcc/4.9.3/lib/gcc/avr/4.9.3/../../../../avr/lib/avr5/libm.a(mulsf3.o)
 .data          0x0000000000000000        0x0 /usr/local/Cellar/avr-gcc/4.9.3/lib/gcc/avr/4.9.3/../../../../avr/lib/avr5/libm.a(mulsf3.o)
 .bss           0x0000000000000000        0x0 /usr/local/Cellar/avr-gcc/4.9.3/lib/gcc/avr/4.9.3/../../../../avr/lib/avr5/libm.a(mulsf3.o)
 .text.avr-libc.fplib
                0x0000000000000000        0x8 /usr/local/Cellar/avr-gcc/4.9.3/lib/gcc/avr/4.9.3/../../../../avr/lib/avr5/libm.a(mulsf3.o)
 .text          0x0000000000000000        0x0 /usr/local/Cellar/avr-gcc/4.9.3/lib/gcc/avr/4.9.3/../../../../avr/lib/avr5/libm.a(mulsf3x.o)
 .data          0x0000000000000000        0x0 /usr/local/Cellar/avr-gcc/4.9.3/lib/gcc/avr/4.9.3/../../../../avr/lib/avr5/libm.a(mulsf3x.o)
 .bss           0x0000000000000000        0x0 /usr/local/Cellar/avr-gcc/4.9.3/lib/gcc/avr/4.9.3/../../../../avr/lib/avr5/libm.a(mulsf3x.o)
 .text.avr-libc.fplib
                0x0000000000000000       0xd2 /usr/local/Cellar/avr-gcc/4.9.3/lib/gcc/avr/4.9.3/../../../../avr/lib/avr5/libm.a(mulsf3x.o)
 .text          0x0000000000000000        0x0 /usr/local/Cellar/avr-gcc/4.9.3/lib/gcc/avr/4.9.3/avr5/libgcc.a(_divmodhi4.o)
 .data          0x0000000000000000        0x0 /usr/local/Cellar/avr-gcc/4.9.3/lib/gcc/avr/4.9.3/avr5/libgcc.a(_divmodhi4.o)
 .bss           0x0000000000000000        0x0 /usr/local/Cellar/avr-gcc/4.9.3/lib/gcc/avr/4.9.3/avr5/libgcc.a(_divmodhi4.o)
 .stab          0x0000000000000000      0x144 /usr/local/Cellar/avr-gcc/4.9.3/lib/gcc/avr/4.9.3/avr5/libgcc.a(_divmodhi4.o)
 .text.libgcc.mul
                0x0000000000000000        0x0 /usr/local/Cellar/avr-gcc/4.9.3/lib/gcc/avr/4.9.3/avr5/libgcc.a(_divmodhi4.o)
 .text.libgcc.div
                0x0000000000000000       0x28 /usr/local/Cellar/avr-gcc/4.9.3/lib/gcc/avr/4.9.3/avr5/libgcc.a(_divmodhi4.o)
 .text.libgcc   0x0000000000000000        0x0 /usr/local/Cellar/avr-gcc/4.9.3/lib/gcc/avr/4.9.3/avr5/libgcc.a(_divmodhi4.o)
 .text.libgcc.prologue
                0x0000000000000000        0x0 /usr/local/Cellar/avr-gcc/4.9.3/lib/gcc/avr/4.9.3/avr5/libgcc.a(_divmodhi4.o)
 .text.libgcc.builtins
                0x0000000000000000        0x0 /usr/local/Cellar/avr-gcc/4.9.3/lib/gcc/avr/4.9.3/avr5/libgcc.a(_divmodhi4.o)
 .text.libgcc.fmul
                0x0000000000000000        0x0 /usr/local/Cellar/avr-gcc/4.9.3/lib/gcc/avr/4.9.3/avr5/libgcc.a(_divmodhi4.o)
 .text.libgcc.fixed
                0x0000000000000000        0x0 /usr/local/Cellar/avr-gcc/4.9.3/lib/gcc/avr/4.9.3/avr5/libgcc.a(_divmodhi4.o)
 .text          0x0000000000000000        0x0 /usr/local/Cellar/avr-gcc/4.9.3/lib/gcc/avr/4.9.3/avr5/libgcc.a(_exit.o)
 .data          0x0000000000000000        0x0 /usr/local/Cellar/avr-gcc/4.9.3/lib/gcc/avr/4.9.3/avr5/libgcc.a(_exit.o)
 .bss           0x0000000000000000        0x0 /usr/local/Cellar/avr-gcc/4.9.3/lib/gcc/avr/4.9.3/avr5/libgcc.a(_exit.o)
 .text.libgcc.mul
                0x0000000000000000        0x0 /usr/local/Cellar/avr-gcc/4.9.3/lib/gcc/avr/4.9.3/avr5/libgcc.a(_exit.o)
 .text.libgcc.div
                0x0000000000000000        0x0 /usr/local/Cellar/avr-gcc/4.9.3/lib/gcc/avr/4.9.3/avr5/libgcc.a(_exit.o)
 .text.libgcc   0x0000000000000000        0x0 /usr/local/Cellar/avr-gcc/4.9.3/lib/gcc/avr/4.9.3/avr5/libgcc.a(_exit.o)
 .text.libgcc.prologue
                0x0000000000000000        0x0 /usr/local/Cellar/avr-gcc/4.9.3/lib/gcc/avr/4.9.3/avr5/libgcc.a(_exit.o)
 .text.libgcc.builtins
                0x0000000000000000        0x0 /usr/local/Cellar/avr-gcc/4.9.3/lib/gcc/avr/4.9.3/avr5/libgcc.a(_exit.o)
 .text.libgcc.fmul
                0x0000000000000000        0x0 /usr/local/Cellar/avr-gcc/4.9.3/lib/gcc/avr/4.9.3/avr5/libgcc.a(_exit.o)
 .text.libgcc.fixed
                0x0000000000000000        0x0 /usr/local/Cellar/avr-gcc/4.9.3/lib/gcc/avr/4.9.3/avr5/libgcc.a(_exit.o)
 .text          0x0000000000000000        0x0 /usr/local/Cellar/avr-gcc/4.9.3/lib/gcc/avr/4.9.3/avr5/libgcc.a(_clear_bss.o)
 .data          0x0000000000000000        0x0 /usr/local/Cellar/avr-gcc/4.9.3/lib/gcc/avr/4.9.3/avr5/libgcc.a(_clear_bss.o)
 .bss           0x0000000000000000        0x0 /usr/local/Cellar/avr-gcc/4.9.3/lib/gcc/avr/4.9.3/avr5/libgcc.a(_clear_bss.o)
 .text.libgcc.mul
                0x0000000000000000        0x0 /usr/local/Cellar/avr-gcc/4.9.3/lib/gcc/avr/4.9.3/avr5/libgcc.a(_clear_bss.o)
 .text.libgcc.div
                0x0000000000000000        0x0 /usr/local/Cellar/avr-gcc/4.9.3/lib/gcc/avr/4.9.3/avr5/libgcc.a(_clear_bss.o)
 .text.libgcc   0x0000000000000000        0x0 /usr/local/Cellar/avr-gcc/4.9.3/lib/gcc/avr/4.9.3/avr5/libgcc.a(_clear_bss.o)
 .text.libgcc.prologue
                0x0000000000000000        0x0 /usr/local/Cellar/avr-gcc/4.9.3/lib/gcc/avr/4.9.3/avr5/libgcc.a(_clear_bss.o)
 .text.libgcc.builtins
                0x0000000000000000        0x0 /usr/local/Cellar/avr-gcc/4.9.3/lib/gcc/avr/4.9.3/avr5/libgcc.a(_clear_bss.o)
 .text.libgcc.fmul
                0x0000000000000000        0x0 /usr/local/Cellar/avr-gcc/4.9.3/lib/gcc/avr/4.9.3/avr5/libgcc.a(_clear_bss.o)
 .text.libgcc.fixed
                0x0000000000000000        0x0 /usr/local/Cellar/avr-gcc/4.9.3/lib/gcc/avr/4.9.3/avr5/libgcc.a(_clear_bss.o)
 .text          0x0000000000000000        0x0 /usr/local/Cellar/avr-gcc/4.9.3/lib/gcc/avr/4.9.3/avr5/libgcc.a(_udivmodhi4.o)
 .data          0x0000000000000000        0x0 /usr/local/Cellar/avr-gcc/4.9.3/lib/gcc/avr/4.9.3/avr5/libgcc.a(_udivmodhi4.o)
 .bss           0x0000000000000000        0x0 /usr/local/Cellar/avr-gcc/4.9.3/lib/gcc/avr/4.9.3/avr5/libgcc.a(_udivmodhi4.o)
 .stab          0x0000000000000000      0x15c /usr/local/Cellar/avr-gcc/4.9.3/lib/gcc/avr/4.9.3/avr5/libgcc.a(_udivmodhi4.o)
                                        0x168 (size before relaxing)
 .text.libgcc.mul
                0x0000000000000000        0x0 /usr/local/Cellar/avr-gcc/4.9.3/lib/gcc/avr/4.9.3/avr5/libgcc.a(_udivmodhi4.o)
 .text.libgcc.div
                0x0000000000000000       0x28 /usr/local/Cellar/avr-gcc/4.9.3/lib/gcc/avr/4.9.3/avr5/libgcc.a(_udivmodhi4.o)
 .text.libgcc   0x0000000000000000        0x0 /usr/local/Cellar/avr-gcc/4.9.3/lib/gcc/avr/4.9.3/avr5/libgcc.a(_udivmodhi4.o)
 .text.libgcc.prologue
                0x0000000000000000        0x0 /usr/local/Cellar/avr-gcc/4.9.3/lib/gcc/avr/4.9.3/avr5/libgcc.a(_udivmodhi4.o)
 .text.libgcc.builtins
                0x0000000000000000        0x0 /usr/local/Cellar/avr-gcc/4.9.3/lib/gcc/avr/4.9.3/avr5/libgcc.a(_udivmodhi4.o)
 .text.libgcc.fmul
                0x0000000000000000        0x0 /usr/local/Cellar/avr-gcc/4.9.3/lib/gcc/avr/4.9.3/avr5/libgcc.a(_udivmodhi4.o)
 .text.libgcc.fixed
                0x0000000000000000        0x0 /usr/local/Cellar/avr-gcc/4.9.3/lib/gcc/avr/4.9.3/avr5/libgcc.a(_udivmodhi4.o)
 .text          0x0000000000000000        0x0 /usr/local/Cellar/avr-gcc/4.9.3/lib/gcc/avr/4.9.3/../../../../avr/lib/avr5/libc.a(malloc.o)
 .data          0x0000000000000000        0x6 /usr/local/Cellar/avr-gcc/4.9.3/lib/gcc/avr/4.9.3/../../../../avr/lib/avr5/libc.a(malloc.o)
 .bss           0x0000000000000000        0x0 /usr/local/Cellar/avr-gcc/4.9.3/lib/gcc/avr/4.9.3/../../../../avr/lib/avr5/libc.a(malloc.o)
 .text.avr-libc
                0x0000000000000000      0x25a /usr/local/Cellar/avr-gcc/4.9.3/lib/gcc/avr/4.9.3/../../../../avr/lib/avr5/libc.a(malloc.o)
 .comment       0x0000000000000000       0x12 /usr/local/Cellar/avr-gcc/4.9.3/lib/gcc/avr/4.9.3/../../../../avr/lib/avr5/libc.a(malloc.o)
 COMMON         0x0000000000000000        0x4 /usr/local/Cellar/avr-gcc/4.9.3/lib/gcc/avr/4.9.3/../../../../avr/lib/avr5/libc.a(malloc.o)
 .text          0x0000000000000000        0x0 /usr/local/Cellar/avr-gcc/4.9.3/lib/gcc/avr/4.9.3/avr5/libgcc.a(_copy_data.o)
 .data          0x0000000000000000        0x0 /usr/local/Cellar/avr-gcc/4.9.3/lib/gcc/avr/4.9.3/avr5/libgcc.a(_copy_data.o)
 .bss           0x0000000000000000        0x0 /usr/local/Cellar/avr-gcc/4.9.3/lib/gcc/avr/4.9.3/avr5/libgcc.a(_copy_data.o)
 .text.libgcc.mul
                0x0000000000000000        0x0 /usr/local/Cellar/avr-gcc/4.9.3/lib/gcc/avr/4.9.3/avr5/libgcc.a(_copy_data.o)
 .text.libgcc.div
                0x0000000000000000        0x0 /usr/local/Cellar/avr-gcc/4.9.3/lib/gcc/avr/4.9.3/avr5/libgcc.a(_copy_data.o)
 .text.libgcc   0x0000000000000000        0x0 /usr/local/Cellar/avr-gcc/4.9.3/lib/gcc/avr/4.9.3/avr5/libgcc.a(_copy_data.o)
 .text.libgcc.prologue
                0x0000000000000000        0x0 /usr/local/Cellar/avr-gcc/4.9.3/lib/gcc/avr/4.9.3/avr5/libgcc.a(_copy_data.o)
 .text.libgcc.builtins
                0x0000000000000000        0x0 /usr/local/Cellar/avr-gcc/4.9.3/lib/gcc/avr/4.9.3/avr5/libgcc.a(_copy_data.o)
 .text.libgcc.fmul
                0x0000000000000000        0x0 /usr/local/Cellar/avr-gcc/4.9.3/lib/gcc/avr/4.9.3/avr5/libgcc.a(_copy_data.o)
 .text.libgcc.fixed
                0x0000000000000000        0x0 /usr/local/Cellar/avr-gcc/4.9.3/lib/gcc/avr/4.9.3/avr5/libgcc.a(_copy_data.o)

Memory Configuration

Name             Origin             Length             Attributes
text             0x0000000000000000 0x0000000000020000 xr
data             0x0000000000800060 0x000000000000ffa0 rw !x
eeprom           0x0000000000810000 0x0000000000010000 rw !x
fuse             0x0000000000820000 0x0000000000000400 rw !x
lock             0x0000000000830000 0x0000000000000400 rw !x
signature        0x0000000000840000 0x0000000000000400 rw !x
*default*        0x0000000000000000 0xffffffffffffffff

Linker script and memory map

Address of section .data set to 0x800100
LOAD /usr/local/Cellar/avr-gcc/4.9.3/lib/gcc/avr/4.9.3/../../../../avr/lib/avr5/crtm32u4.o
LOAD graphics.o
LOAD lcd.o
LOAD ram_utils.o
LOAD sprite.o
LOAD /usr/local/Cellar/avr-gcc/4.9.3/lib/gcc/avr/4.9.3/../../../../avr/lib/avr5/libm.a
START GROUP
LOAD /usr/local/Cellar/avr-gcc/4.9.3/lib/gcc/avr/4.9.3/avr5/libgcc.a
LOAD /usr/local/Cellar/avr-gcc/4.9.3/lib/gcc/avr/4.9.3/../../../../avr/lib/avr5/libm.a
LOAD /usr/local/Cellar/avr-gcc/4.9.3/lib/gcc/avr/4.9.3/../../../../avr/lib/avr5/libc.a
END GROUP

.hash
 *(.hash)

.dynsym
 *(.dynsym)

.dynstr
 *(.dynstr)

.gnu.version
 *(.gnu.version)

.gnu.version_d
 *(.gnu.version_d)

.gnu.version_r
 *(.gnu.version_r)

.rel.init
 *(.rel.init)

.rela.init
 *(.rela.init)

.rel.text
 *(.rel.text)
 *(.rel.text.*)
 *(.rel.gnu.linkonce.t*)

.rela.text
 *(.rela.text)
 *(.rela.text.*)
 *(.rela.gnu.linkonce.t*)

.rel.fini
 *(.rel.fini)

.rela.fini
 *(.rela.fini)

.rel.rodata
 *(.rel.rodata)
 *(.rel.rodata.*)
 *(.rel.gnu.linkonce.r*)

.rela.rodata
 *(.rela.rodata)
 *(.rela.rodata.*)
 *(.rela.gnu.linkonce.r*)

.rel.data
 *(.rel.data)
 *(.rel.data.*)
 *(.rel.gnu.linkonce.d*)

.rela.data
 *(.rela.data)
 *(.rela.data.*)
 *(.rela.gnu.linkonce.d*)

.rel.ctors
 *(.rel.ctors)

.rela.ctors
 *(.rela.ctors)

.rel.dtors
 *(.rel.dtors)

.rela.dtors
 *(.rela.dtors)

.rel.got
 *(.rel.got)

.rela.got
 *(.rela.got)

.rel.bss
 *(.rel.bss)

.rela.bss
 *(.rela.bss)

.rel.plt
 *(.rel.plt)

.rela.plt
 *(.rela.plt)

.text           0x0000000000000000       0xea
 *(.vectors)
 .vectors       0x0000000000000000       0xac /usr/local/Cellar/avr-gcc/4.9.3/lib/gcc/avr/4.9.3/../../../../avr/lib/avr5/crtm32u4.o
                0x0000000000000000                __vectors
                0x0000000000000000                __vector_default
 *(.vectors)
 *(.progmem.gcc*)
                0x00000000000000ac                . = ALIGN (0x2)
                0x00000000000000ac                __trampolines_start = .
 *(.trampolines)
 .trampolines   0x00000000000000ac        0x0 linker stubs
 *(.trampolines*)
                0x00000000000000ac                __trampolines_end = .
 *(.progmem*)
                0x00000000000000ac                . = ALIGN (0x2)
 *(.jumptables)
 *(.jumptables*)
 *(.lowtext)
 *(.lowtext*)
                0x00000000000000ac                __ctors_start = .
 *(.ctors)
                0x00000000000000ac                __ctors_end = .
                0x00000000000000ac                __dtors_start = .
 *(.dtors)
                0x00000000000000ac                __dtors_end = .
 SORT(*)(.ctors)
 SORT(*)(.dtors)
 *(.init0)
 .init0         0x00000000000000ac        0x0 /usr/local/Cellar/avr-gcc/4.9.3/lib/gcc/avr/4.9.3/../../../../avr/lib/avr5/crtm32u4.o
                0x00000000000000ac                __init
 *(.init0)
 *(.init1)
 *(.init1)
 *(.init2)
 .init2         0x00000000000000ac        0xc /usr/local/Cellar/avr-gcc/4.9.3/lib/gcc/avr/4.9.3/../../../../avr/lib/avr5/crtm32u4.o
 *(.init2)
 *(.init3)
 *(.init3)
 *(.init4)
 .init4         0x00000000000000b8       0x10 /usr/local/Cellar/avr-gcc/4.9.3/lib/gcc/avr/4.9.3/avr5/libgcc.a(_clear_bss.o)
                0x00000000000000b8                __do_clear_bss
 .init4         0x00000000000000c8       0x16 /usr/local/Cellar/avr-gcc/4.9.3/lib/gcc/avr/4.9.3/avr5/libgcc.a(_copy_data.o)
                0x00000000000000c8                __do_copy_data
 *(.init4)
 *(.init5)
 *(.init5)
 *(.init6)
 *(.init6)
 *(.init7)
 *(.init7)
 *(.init8)
 *(.init8)
 *(.init9)
 .init9         0x00000000000000de        0x6 /usr/local/Cellar/avr-gcc/4.9.3/lib/gcc/avr/4.9.3/../../../../avr/lib/avr5/crtm32u4.o
 *(.init9)
 *(.text)
 .text          0x00000000000000e4        0x2 /usr/local/Cellar/avr-gcc/4.9.3/lib/gcc/avr/4.9.3/../../../../avr/lib/avr5/crtm32u4.o
                0x00000000000000e4                __vector_42
                0x00000000000000e4                __vector_22
                0x00000000000000e4                __vector_28
                0x00000000000000e4                __vector_1
                0x00000000000000e4                __vector_32
                0x00000000000000e4                __vector_34
                0x00000000000000e4                __vector_24
                0x00000000000000e4                __vector_12
                0x00000000000000e4                __bad_interrupt
                0x00000000000000e4                __vector_6
                0x00000000000000e4                __vector_31
                0x00000000000000e4                __vector_35
                0x00000000000000e4                __vector_39
                0x00000000000000e4                __vector_3
                0x00000000000000e4                __vector_23
                0x00000000000000e4                __vector_30
                0x00000000000000e4                __vector_25
                0x00000000000000e4                __vector_11
                0x00000000000000e4                __vector_13
                0x00000000000000e4                __vector_17
                0x00000000000000e4                __vector_19
                0x00000000000000e4                __vector_7
                0x00000000000000e4                __vector_41
                0x00000000000000e4                __vector_27
                0x00000000000000e4                __vector_5
                0x00000000000000e4                __vector_33
                0x00000000000000e4                __vector_37
                0x00000000000000e4                __vector_4
                0x00000000000000e4                __vector_9
                0x00000000000000e4                __vector_2
                0x00000000000000e4                __vector_21
                0x00000000000000e4                __vector_15
                0x00000000000000e4                __vector_36
                0x00000000000000e4                __vector_29
                0x00000000000000e4                __vector_40
                0x00000000000000e4                __vector_8
                0x00000000000000e4                __vector_26
                0x00000000000000e4                __vector_14
                0x00000000000000e4                __vector_10
                0x00000000000000e4                __vector_16
                0x00000000000000e4                __vector_18
                0x00000000000000e4                __vector_20
                0x00000000000000e4                __vector_38
                0x00000000000000e6                . = ALIGN (0x2)
 *(.text.*)
                0x00000000000000e6                . = ALIGN (0x2)
 *(.fini9)
 .fini9         0x00000000000000e6        0x0 /usr/local/Cellar/avr-gcc/4.9.3/lib/gcc/avr/4.9.3/avr5/libgcc.a(_exit.o)
                0x00000000000000e6                exit
                0x00000000000000e6                _exit
 *(.fini9)
 *(.fini8)
 *(.fini8)
 *(.fini7)
 *(.fini7)
 *(.fini6)
 *(.fini6)
 *(.fini5)
 *(.fini5)
 *(.fini4)
 *(.fini4)
 *(.fini3)
 *(.fini3)
 *(.fini2)
 *(.fini2)
 *(.fini1)
 *(.fini1)
 *(.fini0)
 .fini0         0x00000000000000e6        0x4 /usr/local/Cellar/avr-gcc/4.9.3/lib/gcc/avr/4.9.3/avr5/libgcc.a(_exit.o)
 *(.fini0)
                0x00000000000000ea                _etext = .

.data           0x0000000000800100        0x0 load address 0x00000000000000ea
                0x0000000000800100                PROVIDE (__data_start, .)
 *(.data)
 *(.data*)
 *(.rodata)
 *(.rodata*)
 *(.gnu.linkonce.d*)
                0x0000000000800100                . = ALIGN (0x2)
                0x0000000000800100                _edata = .
                0x0000000000800100                PROVIDE (__data_end, .)

.bss            0x0000000000800100        0x0
                0x0000000000800100                PROVIDE (__bss_start, .)
 *(.bss)
 *(.bss*)
 *(COMMON)
                0x0000000000800100                PROVIDE (__bss_end, .)
                0x00000000000000ea                __data_load_start = LOADADDR (.data)
                0x00000000000000ea                __data_load_end = (__data_load_start + SIZEOF (.data))

.noinit         0x0000000000800060        0x0
                0x0000000000800060                PROVIDE (__noinit_start, .)
 *(.noinit*)
                0x0000000000800060                PROVIDE (__noinit_end, .)
                0x0000000000800060                _end = .
                0x0000000000800060                PROVIDE (__heap_start, .)

.eeprom         0x0000000000810000        0x0
 *(.eeprom*)
                0x0000000000810000                __eeprom_end = .

.fuse
 *(.fuse)
 *(.lfuse)
 *(.hfuse)
 *(.efuse)

.lock
 *(.lock*)

.signature
 *(.signature*)

.stab           0x0000000000000000      0x1f8
 *(.stab)
 .stab          0x0000000000000000       0x6c /usr/local/Cellar/avr-gcc/4.9.3/lib/gcc/avr/4.9.3/avr5/libgcc.a(_exit.o)
                                         0x78 (size before relaxing)
 .stab          0x000000000000006c       0xb4 /usr/local/Cellar/avr-gcc/4.9.3/lib/gcc/avr/4.9.3/avr5/libgcc.a(_clear_bss.o)
                                         0xc0 (size before relaxing)
 .stab          0x0000000000000120       0xd8 /usr/local/Cellar/avr-gcc/4.9.3/lib/gcc/avr/4.9.3/avr5/libgcc.a(_copy_data.o)
                                         0xe4 (size before relaxing)

.stabstr        0x0000000000000000       0xd1
 *(.stabstr)
 .stabstr       0x0000000000000000       0xd1 /usr/local/Cellar/avr-gcc/4.9.3/lib/gcc/avr/4.9.3/avr5/libgcc.a(_divmodhi4.o)

.stab.excl
 *(.stab.excl)

.stab.exclstr
 *(.stab.exclstr)

.stab.index
 *(.stab.index)

.stab.indexstr
 *(.stab.indexstr)

.comment
 *(.comment)

.note.gnu.avr.deviceinfo
                0x0000000000000000       0x34
 .note.gnu.avr.deviceinfo
                0x0000000000000000       0x34 /usr/local/Cellar/avr-gcc/4.9.3/lib/gcc/avr/4.9.3/../../../../avr/lib/avr5/crtm32u4.o

.note.gnu.build-id
 *(.note.gnu.build-id)

.debug
 *(.debug)

.line
 *(.line)

.debug_srcinfo
 *(.debug_srcinfo)

.debug_sfnames
 *(.debug_sfnames)

.debug_aranges
 *(.debug_aranges)

.debug_pubnames
 *(.debug_pubnames)

.debug_info     0x0000000000000000      0x9f4
 *(.debug_info .gnu.linkonce.wi.*)
 .debug_info    0x0000000000000000      0x9f4 /usr/local/Cellar/avr-gcc/4.9.3/lib/gcc/avr/4.9.3/../../../../avr/lib/avr5/crtm32u4.o

.debug_abbrev   0x0000000000000000      0x96a
 *(.debug_abbrev)
 .debug_abbrev  0x0000000000000000      0x96a /usr/local/Cellar/avr-gcc/4.9.3/lib/gcc/avr/4.9.3/../../../../avr/lib/avr5/crtm32u4.o

.debug_line     0x0000000000000000       0x1d
 *(.debug_line .debug_line.* .debug_line_end)
 .debug_line    0x0000000000000000       0x1d /usr/local/Cellar/avr-gcc/4.9.3/lib/gcc/avr/4.9.3/../../../../avr/lib/avr5/crtm32u4.o

.debug_frame
 *(.debug_frame)

.debug_str      0x0000000000000000      0x371
 *(.debug_str)
 .debug_str     0x0000000000000000      0x371 /usr/local/Cellar/avr-gcc/4.9.3/lib/gcc/avr/4.9.3/../../../../avr/lib/avr5/crtm32u4.o

.debug_loc
 *(.debug_loc)

.debug_macinfo
 *(.debug_macinfo)

.debug_weaknames
 *(.debug_weaknames)

.debug_funcnames
 *(.debug_funcnames)

.debug_typenames
 *(.debug_typenames)

.debug_varnames
 *(.debug_varnames)

.debug_pubtypes
 *(.debug_pubtypes)

.debug_ranges
 *(.debug_ranges)

.debug_macro
 *(.debug_macro)
OUTPUT(cab202_teensy.elf elf32-avr)
LOAD linker stubs

Cross Reference Table

Symbol                                            File
__addsf3                                          /usr/local/Cellar/avr-gcc/4.9.3/lib/gcc/avr/4.9.3/../../../../avr/lib/avr5/libm.a(addsf3.o)
                                                  sprite.o
                                                  graphics.o
__addsf3x                                         /usr/local/Cellar/avr-gcc/4.9.3/lib/gcc/avr/4.9.3/../../../../avr/lib/avr5/libm.a(addsf3x.o)
                                                  /usr/local/Cellar/avr-gcc/4.9.3/lib/gcc/avr/4.9.3/../../../../avr/lib/avr5/libm.a(addsf3.o)
__bad_interrupt                                   /usr/local/Cellar/avr-gcc/4.9.3/lib/gcc/avr/4.9.3/../../../../avr/lib/avr5/crtm32u4.o
__brkval                                          /usr/local/Cellar/avr-gcc/4.9.3/lib/gcc/avr/4.9.3/../../../../avr/lib/avr5/libc.a(malloc.o)
                                                  ram_utils.o
__bss_end                                         /usr/local/Cellar/avr-gcc/4.9.3/lib/gcc/avr/4.9.3/avr5/libgcc.a(_clear_bss.o)
__bss_start                                       /usr/local/Cellar/avr-gcc/4.9.3/lib/gcc/avr/4.9.3/avr5/libgcc.a(_clear_bss.o)
__cmpsf2                                          /usr/local/Cellar/avr-gcc/4.9.3/lib/gcc/avr/4.9.3/../../../../avr/lib/avr5/libm.a(cmpsf2.o)
__data_end                                        /usr/local/Cellar/avr-gcc/4.9.3/lib/gcc/avr/4.9.3/avr5/libgcc.a(_copy_data.o)
__data_load_start                                 /usr/local/Cellar/avr-gcc/4.9.3/lib/gcc/avr/4.9.3/avr5/libgcc.a(_copy_data.o)
__data_start                                      /usr/local/Cellar/avr-gcc/4.9.3/lib/gcc/avr/4.9.3/avr5/libgcc.a(_copy_data.o)
__divmodhi4                                       /usr/local/Cellar/avr-gcc/4.9.3/lib/gcc/avr/4.9.3/avr5/libgcc.a(_divmodhi4.o)
                                                  graphics.o
__divsf3                                          /usr/local/Cellar/avr-gcc/4.9.3/lib/gcc/avr/4.9.3/../../../../avr/lib/avr5/libm.a(divsf3.o)
                                                  graphics.o
__divsf3_pse                                      /usr/local/Cellar/avr-gcc/4.9.3/lib/gcc/avr/4.9.3/../../../../avr/lib/avr5/libm.a(divsf3x.o)
__divsf3x                                         /usr/local/Cellar/avr-gcc/4.9.3/lib/gcc/avr/4.9.3/../../../../avr/lib/avr5/libm.a(divsf3x.o)
                                                  /usr/local/Cellar/avr-gcc/4.9.3/lib/gcc/avr/4.9.3/../../../../avr/lib/avr5/libm.a(divsf3.o)
__do_clear_bss                                    /usr/local/Cellar/avr-gcc/4.9.3/lib/gcc/avr/4.9.3/avr5/libgcc.a(_clear_bss.o)
                                                  /usr/local/Cellar/avr-gcc/4.9.3/lib/gcc/avr/4.9.3/../../../../avr/lib/avr5/libc.a(malloc.o)
                                                  graphics.o
__do_copy_data                                    /usr/local/Cellar/avr-gcc/4.9.3/lib/gcc/avr/4.9.3/avr5/libgcc.a(_copy_data.o)
                                                  /usr/local/Cellar/avr-gcc/4.9.3/lib/gcc/avr/4.9.3/../../../../avr/lib/avr5/libc.a(malloc.o)
__eqsf2                                           /usr/local/Cellar/avr-gcc/4.9.3/lib/gcc/avr/4.9.3/../../../../avr/lib/avr5/libm.a(cmpsf2.o)
__fixsfsi                                         /usr/local/Cellar/avr-gcc/4.9.3/lib/gcc/avr/4.9.3/../../../../avr/lib/avr5/libm.a(fixsfsi.o)
                                                  sprite.o
__fixunssfsi                                      /usr/local/Cellar/avr-gcc/4.9.3/lib/gcc/avr/4.9.3/../../../../avr/lib/avr5/libm.a(fixunssfsi.o)
                                                  /usr/local/Cellar/avr-gcc/4.9.3/lib/gcc/avr/4.9.3/../../../../avr/lib/avr5/libm.a(fixsfsi.o)
                                                  sprite.o
__floatsisf                                       /usr/local/Cellar/avr-gcc/4.9.3/lib/gcc/avr/4.9.3/../../../../avr/lib/avr5/libm.a(floatsisf.o)
                                                  sprite.o
                                                  graphics.o
__floatunsisf                                     /usr/local/Cellar/avr-gcc/4.9.3/lib/gcc/avr/4.9.3/../../../../avr/lib/avr5/libm.a(floatsisf.o)
                                                  sprite.o
__flp                                             /usr/local/Cellar/avr-gcc/4.9.3/lib/gcc/avr/4.9.3/../../../../avr/lib/avr5/libc.a(malloc.o)
__fp_cmp                                          /usr/local/Cellar/avr-gcc/4.9.3/lib/gcc/avr/4.9.3/../../../../avr/lib/avr5/libm.a(fp_cmp.o)
                                                  /usr/local/Cellar/avr-gcc/4.9.3/lib/gcc/avr/4.9.3/../../../../avr/lib/avr5/libm.a(gesf2.o)
                                                  /usr/local/Cellar/avr-gcc/4.9.3/lib/gcc/avr/4.9.3/../../../../avr/lib/avr5/libm.a(cmpsf2.o)
__fp_inf                                          /usr/local/Cellar/avr-gcc/4.9.3/lib/gcc/avr/4.9.3/../../../../avr/lib/avr5/libm.a(fp_inf.o)
                                                  /usr/local/Cellar/avr-gcc/4.9.3/lib/gcc/avr/4.9.3/../../../../avr/lib/avr5/libm.a(mulsf3x.o)
                                                  /usr/local/Cellar/avr-gcc/4.9.3/lib/gcc/avr/4.9.3/../../../../avr/lib/avr5/libm.a(divsf3x.o)
                                                  /usr/local/Cellar/avr-gcc/4.9.3/lib/gcc/avr/4.9.3/../../../../avr/lib/avr5/libm.a(addsf3x.o)
__fp_mintl                                        /usr/local/Cellar/avr-gcc/4.9.3/lib/gcc/avr/4.9.3/../../../../avr/lib/avr5/libm.a(fp_mintl.o)
                                                  /usr/local/Cellar/avr-gcc/4.9.3/lib/gcc/avr/4.9.3/../../../../avr/lib/avr5/libm.a(floor.o)
                                                  /usr/local/Cellar/avr-gcc/4.9.3/lib/gcc/avr/4.9.3/../../../../avr/lib/avr5/libm.a(ceil.o)
__fp_mpack                                        /usr/local/Cellar/avr-gcc/4.9.3/lib/gcc/avr/4.9.3/../../../../avr/lib/avr5/libm.a(fp_mpack.o)
                                                  /usr/local/Cellar/avr-gcc/4.9.3/lib/gcc/avr/4.9.3/../../../../avr/lib/avr5/libm.a(floor.o)
                                                  /usr/local/Cellar/avr-gcc/4.9.3/lib/gcc/avr/4.9.3/../../../../avr/lib/avr5/libm.a(ceil.o)
__fp_mpack_finite                                 /usr/local/Cellar/avr-gcc/4.9.3/lib/gcc/avr/4.9.3/../../../../avr/lib/avr5/libm.a(fp_mpack.o)
__fp_nan                                          /usr/local/Cellar/avr-gcc/4.9.3/lib/gcc/avr/4.9.3/../../../../avr/lib/avr5/libm.a(fp_nan.o)
                                                  /usr/local/Cellar/avr-gcc/4.9.3/lib/gcc/avr/4.9.3/../../../../avr/lib/avr5/libm.a(mulsf3x.o)
                                                  /usr/local/Cellar/avr-gcc/4.9.3/lib/gcc/avr/4.9.3/../../../../avr/lib/avr5/libm.a(divsf3x.o)
                                                  /usr/local/Cellar/avr-gcc/4.9.3/lib/gcc/avr/4.9.3/../../../../avr/lib/avr5/libm.a(addsf3x.o)
__fp_pscA                                         /usr/local/Cellar/avr-gcc/4.9.3/lib/gcc/avr/4.9.3/../../../../avr/lib/avr5/libm.a(fp_pscA.o)
                                                  /usr/local/Cellar/avr-gcc/4.9.3/lib/gcc/avr/4.9.3/../../../../avr/lib/avr5/libm.a(mulsf3x.o)
                                                  /usr/local/Cellar/avr-gcc/4.9.3/lib/gcc/avr/4.9.3/../../../../avr/lib/avr5/libm.a(divsf3x.o)
                                                  /usr/local/Cellar/avr-gcc/4.9.3/lib/gcc/avr/4.9.3/../../../../avr/lib/avr5/libm.a(addsf3x.o)
__fp_pscB                                         /usr/local/Cellar/avr-gcc/4.9.3/lib/gcc/avr/4.9.3/../../../../avr/lib/avr5/libm.a(fp_pscB.o)
                                                  /usr/local/Cellar/avr-gcc/4.9.3/lib/gcc/avr/4.9.3/../../../../avr/lib/avr5/libm.a(mulsf3x.o)
                                                  /usr/local/Cellar/avr-gcc/4.9.3/lib/gcc/avr/4.9.3/../../../../avr/lib/avr5/libm.a(divsf3x.o)
                                                  /usr/local/Cellar/avr-gcc/4.9.3/lib/gcc/avr/4.9.3/../../../../avr/lib/avr5/libm.a(addsf3x.o)
__fp_round                                        /usr/local/Cellar/avr-gcc/4.9.3/lib/gcc/avr/4.9.3/../../../../avr/lib/avr5/libm.a(fp_round.o)
                                                  /usr/local/Cellar/avr-gcc/4.9.3/lib/gcc/avr/4.9.3/../../../../avr/lib/avr5/libm.a(mulsf3.o)
                                                  /usr/local/Cellar/avr-gcc/4.9.3/lib/gcc/avr/4.9.3/../../../../avr/lib/avr5/libm.a(divsf3.o)
                                                  /usr/local/Cellar/avr-gcc/4.9.3/lib/gcc/avr/4.9.3/../../../../avr/lib/avr5/libm.a(addsf3.o)
__fp_split3                                       /usr/local/Cellar/avr-gcc/4.9.3/lib/gcc/avr/4.9.3/../../../../avr/lib/avr5/libm.a(fp_split3.o)
                                                  /usr/local/Cellar/avr-gcc/4.9.3/lib/gcc/avr/4.9.3/../../../../avr/lib/avr5/libm.a(mulsf3x.o)
                                                  /usr/local/Cellar/avr-gcc/4.9.3/lib/gcc/avr/4.9.3/../../../../avr/lib/avr5/libm.a(divsf3x.o)
                                                  /usr/local/Cellar/avr-gcc/4.9.3/lib/gcc/avr/4.9.3/../../../../avr/lib/avr5/libm.a(addsf3x.o)
__fp_splitA                                       /usr/local/Cellar/avr-gcc/4.9.3/lib/gcc/avr/4.9.3/../../../../avr/lib/avr5/libm.a(fp_split3.o)
                                                  /usr/local/Cellar/avr-gcc/4.9.3/lib/gcc/avr/4.9.3/../../../../avr/lib/avr5/libm.a(fp_trunc.o)
                                                  /usr/local/Cellar/avr-gcc/4.9.3/lib/gcc/avr/4.9.3/../../../../avr/lib/avr5/libm.a(fixunssfsi.o)
__fp_szero                                        /usr/local/Cellar/avr-gcc/4.9.3/lib/gcc/avr/4.9.3/../../../../avr/lib/avr5/libm.a(fp_zero.o)
                                                  /usr/local/Cellar/avr-gcc/4.9.3/lib/gcc/avr/4.9.3/../../../../avr/lib/avr5/libm.a(mulsf3x.o)
                                                  /usr/local/Cellar/avr-gcc/4.9.3/lib/gcc/avr/4.9.3/../../../../avr/lib/avr5/libm.a(floor.o)
                                                  /usr/local/Cellar/avr-gcc/4.9.3/lib/gcc/avr/4.9.3/../../../../avr/lib/avr5/libm.a(fixsfsi.o)
                                                  /usr/local/Cellar/avr-gcc/4.9.3/lib/gcc/avr/4.9.3/../../../../avr/lib/avr5/libm.a(divsf3x.o)
                                                  /usr/local/Cellar/avr-gcc/4.9.3/lib/gcc/avr/4.9.3/../../../../avr/lib/avr5/libm.a(ceil.o)
__fp_trunc                                        /usr/local/Cellar/avr-gcc/4.9.3/lib/gcc/avr/4.9.3/../../../../avr/lib/avr5/libm.a(fp_trunc.o)
                                                  /usr/local/Cellar/avr-gcc/4.9.3/lib/gcc/avr/4.9.3/../../../../avr/lib/avr5/libm.a(floor.o)
                                                  /usr/local/Cellar/avr-gcc/4.9.3/lib/gcc/avr/4.9.3/../../../../avr/lib/avr5/libm.a(ceil.o)
__fp_zero                                         /usr/local/Cellar/avr-gcc/4.9.3/lib/gcc/avr/4.9.3/../../../../avr/lib/avr5/libm.a(fp_zero.o)
                                                  /usr/local/Cellar/avr-gcc/4.9.3/lib/gcc/avr/4.9.3/../../../../avr/lib/avr5/libm.a(fixunssfsi.o)
                                                  /usr/local/Cellar/avr-gcc/4.9.3/lib/gcc/avr/4.9.3/../../../../avr/lib/avr5/libm.a(addsf3x.o)
__gesf2                                           /usr/local/Cellar/avr-gcc/4.9.3/lib/gcc/avr/4.9.3/../../../../avr/lib/avr5/libm.a(gesf2.o)
                                                  graphics.o
__gtsf2                                           /usr/local/Cellar/avr-gcc/4.9.3/lib/gcc/avr/4.9.3/../../../../avr/lib/avr5/libm.a(gesf2.o)
                                                  graphics.o
__heap_end                                        /usr/local/Cellar/avr-gcc/4.9.3/lib/gcc/avr/4.9.3/../../../../avr/lib/avr5/crtm32u4.o
                                                  /usr/local/Cellar/avr-gcc/4.9.3/lib/gcc/avr/4.9.3/../../../../avr/lib/avr5/libc.a(malloc.o)
__heap_start                                      /usr/local/Cellar/avr-gcc/4.9.3/lib/gcc/avr/4.9.3/../../../../avr/lib/avr5/libc.a(malloc.o)
                                                  ram_utils.o
__init                                            /usr/local/Cellar/avr-gcc/4.9.3/lib/gcc/avr/4.9.3/../../../../avr/lib/avr5/crtm32u4.o
__lesf2                                           /usr/local/Cellar/avr-gcc/4.9.3/lib/gcc/avr/4.9.3/../../../../avr/lib/avr5/libm.a(cmpsf2.o)
__ltsf2                                           /usr/local/Cellar/avr-gcc/4.9.3/lib/gcc/avr/4.9.3/../../../../avr/lib/avr5/libm.a(cmpsf2.o)
                                                  sprite.o
                                                  graphics.o
__malloc_heap_end                                 /usr/local/Cellar/avr-gcc/4.9.3/lib/gcc/avr/4.9.3/../../../../avr/lib/avr5/libc.a(malloc.o)
__malloc_heap_start                               /usr/local/Cellar/avr-gcc/4.9.3/lib/gcc/avr/4.9.3/../../../../avr/lib/avr5/libc.a(malloc.o)
__malloc_margin                                   /usr/local/Cellar/avr-gcc/4.9.3/lib/gcc/avr/4.9.3/../../../../avr/lib/avr5/libc.a(malloc.o)
__mulsf3                                          /usr/local/Cellar/avr-gcc/4.9.3/lib/gcc/avr/4.9.3/../../../../avr/lib/avr5/libm.a(mulsf3.o)
                                                  sprite.o
__mulsf3_pse                                      /usr/local/Cellar/avr-gcc/4.9.3/lib/gcc/avr/4.9.3/../../../../avr/lib/avr5/libm.a(mulsf3x.o)
__mulsf3x                                         /usr/local/Cellar/avr-gcc/4.9.3/lib/gcc/avr/4.9.3/../../../../avr/lib/avr5/libm.a(mulsf3x.o)
                                                  /usr/local/Cellar/avr-gcc/4.9.3/lib/gcc/avr/4.9.3/../../../../avr/lib/avr5/libm.a(mulsf3.o)
__nesf2                                           /usr/local/Cellar/avr-gcc/4.9.3/lib/gcc/avr/4.9.3/../../../../avr/lib/avr5/libm.a(cmpsf2.o)
__stack                                           /usr/local/Cellar/avr-gcc/4.9.3/lib/gcc/avr/4.9.3/../../../../avr/lib/avr5/crtm32u4.o
__subsf3                                          /usr/local/Cellar/avr-gcc/4.9.3/lib/gcc/avr/4.9.3/../../../../avr/lib/avr5/libm.a(addsf3.o)
                                                  graphics.o
__udivmodhi4                                      /usr/local/Cellar/avr-gcc/4.9.3/lib/gcc/avr/4.9.3/avr5/libgcc.a(_udivmodhi4.o)
                                                  /usr/local/Cellar/avr-gcc/4.9.3/lib/gcc/avr/4.9.3/avr5/libgcc.a(_divmodhi4.o)
__vector_1                                        /usr/local/Cellar/avr-gcc/4.9.3/lib/gcc/avr/4.9.3/../../../../avr/lib/avr5/crtm32u4.o
__vector_10                                       /usr/local/Cellar/avr-gcc/4.9.3/lib/gcc/avr/4.9.3/../../../../avr/lib/avr5/crtm32u4.o
__vector_11                                       /usr/local/Cellar/avr-gcc/4.9.3/lib/gcc/avr/4.9.3/../../../../avr/lib/avr5/crtm32u4.o
__vector_12                                       /usr/local/Cellar/avr-gcc/4.9.3/lib/gcc/avr/4.9.3/../../../../avr/lib/avr5/crtm32u4.o
__vector_13                                       /usr/local/Cellar/avr-gcc/4.9.3/lib/gcc/avr/4.9.3/../../../../avr/lib/avr5/crtm32u4.o
__vector_14                                       /usr/local/Cellar/avr-gcc/4.9.3/lib/gcc/avr/4.9.3/../../../../avr/lib/avr5/crtm32u4.o
__vector_15                                       /usr/local/Cellar/avr-gcc/4.9.3/lib/gcc/avr/4.9.3/../../../../avr/lib/avr5/crtm32u4.o
__vector_16                                       /usr/local/Cellar/avr-gcc/4.9.3/lib/gcc/avr/4.9.3/../../../../avr/lib/avr5/crtm32u4.o
__vector_17                                       /usr/local/Cellar/avr-gcc/4.9.3/lib/gcc/avr/4.9.3/../../../../avr/lib/avr5/crtm32u4.o
__vector_18                                       /usr/local/Cellar/avr-gcc/4.9.3/lib/gcc/avr/4.9.3/../../../../avr/lib/avr5/crtm32u4.o
__vector_19                                       /usr/local/Cellar/avr-gcc/4.9.3/lib/gcc/avr/4.9.3/../../../../avr/lib/avr5/crtm32u4.o
__vector_2                                        /usr/local/Cellar/avr-gcc/4.9.3/lib/gcc/avr/4.9.3/../../../../avr/lib/avr5/crtm32u4.o
__vector_20                                       /usr/local/Cellar/avr-gcc/4.9.3/lib/gcc/avr/4.9.3/../../../../avr/lib/avr5/crtm32u4.o
__vector_21                                       /usr/local/Cellar/avr-gcc/4.9.3/lib/gcc/avr/4.9.3/../../../../avr/lib/avr5/crtm32u4.o
__vector_22                                       /usr/local/Cellar/avr-gcc/4.9.3/lib/gcc/avr/4.9.3/../../../../avr/lib/avr5/crtm32u4.o
__vector_23                                       /usr/local/Cellar/avr-gcc/4.9.3/lib/gcc/avr/4.9.3/../../../../avr/lib/avr5/crtm32u4.o
__vector_24                                       /usr/local/Cellar/avr-gcc/4.9.3/lib/gcc/avr/4.9.3/../../../../avr/lib/avr5/crtm32u4.o
__vector_25                                       /usr/local/Cellar/avr-gcc/4.9.3/lib/gcc/avr/4.9.3/../../../../avr/lib/avr5/crtm32u4.o
__vector_26                                       /usr/local/Cellar/avr-gcc/4.9.3/lib/gcc/avr/4.9.3/../../../../avr/lib/avr5/crtm32u4.o
__vector_27                                       /usr/local/Cellar/avr-gcc/4.9.3/lib/gcc/avr/4.9.3/../../../../avr/lib/avr5/crtm32u4.o
__vector_28                                       /usr/local/Cellar/avr-gcc/4.9.3/lib/gcc/avr/4.9.3/../../../../avr/lib/avr5/crtm32u4.o
__vector_29                                       /usr/local/Cellar/avr-gcc/4.9.3/lib/gcc/avr/4.9.3/../../../../avr/lib/avr5/crtm32u4.o
__vector_3                                        /usr/local/Cellar/avr-gcc/4.9.3/lib/gcc/avr/4.9.3/../../../../avr/lib/avr5/crtm32u4.o
__vector_30                                       /usr/local/Cellar/avr-gcc/4.9.3/lib/gcc/avr/4.9.3/../../../../avr/lib/avr5/crtm32u4.o
__vector_31                                       /usr/local/Cellar/avr-gcc/4.9.3/lib/gcc/avr/4.9.3/../../../../avr/lib/avr5/crtm32u4.o
__vector_32                                       /usr/local/Cellar/avr-gcc/4.9.3/lib/gcc/avr/4.9.3/../../../../avr/lib/avr5/crtm32u4.o
__vector_33                                       /usr/local/Cellar/avr-gcc/4.9.3/lib/gcc/avr/4.9.3/../../../../avr/lib/avr5/crtm32u4.o
__vector_34                                       /usr/local/Cellar/avr-gcc/4.9.3/lib/gcc/avr/4.9.3/../../../../avr/lib/avr5/crtm32u4.o
__vector_35                                       /usr/local/Cellar/avr-gcc/4.9.3/lib/gcc/avr/4.9.3/../../../../avr/lib/avr5/crtm32u4.o
__vector_36                                       /usr/local/Cellar/avr-gcc/4.9.3/lib/gcc/avr/4.9.3/../../../../avr/lib/avr5/crtm32u4.o
__vector_37                                       /usr/local/Cellar/avr-gcc/4.9.3/lib/gcc/avr/4.9.3/../../../../avr/lib/avr5/crtm32u4.o
__vector_38                                       /usr/local/Cellar/avr-gcc/4.9.3/lib/gcc/avr/4.9.3/../../../../avr/lib/avr5/crtm32u4.o
__vector_39                                       /usr/local/Cellar/avr-gcc/4.9.3/lib/gcc/avr/4.9.3/../../../../avr/lib/avr5/crtm32u4.o
__vector_4                                        /usr/local/Cellar/avr-gcc/4.9.3/lib/gcc/avr/4.9.3/../../../../avr/lib/avr5/crtm32u4.o
__vector_40                                       /usr/local/Cellar/avr-gcc/4.9.3/lib/gcc/avr/4.9.3/../../../../avr/lib/avr5/crtm32u4.o
__vector_41                                       /usr/local/Cellar/avr-gcc/4.9.3/lib/gcc/avr/4.9.3/../../../../avr/lib/avr5/crtm32u4.o
__vector_42                                       /usr/local/Cellar/avr-gcc/4.9.3/lib/gcc/avr/4.9.3/../../../../avr/lib/avr5/crtm32u4.o
__vector_5                                        /usr/local/Cellar/avr-gcc/4.9.3/lib/gcc/avr/4.9.3/../../../../avr/lib/avr5/crtm32u4.o
__vector_6                                        /usr/local/Cellar/avr-gcc/4.9.3/lib/gcc/avr/4.9.3/../../../../avr/lib/avr5/crtm32u4.o
__vector_7                                        /usr/local/Cellar/avr-gcc/4.9.3/lib/gcc/avr/4.9.3/../../../../avr/lib/avr5/crtm32u4.o
__vector_8                                        /usr/local/Cellar/avr-gcc/4.9.3/lib/gcc/avr/4.9.3/../../../../avr/lib/avr5/crtm32u4.o
__vector_9                                        /usr/local/Cellar/avr-gcc/4.9.3/lib/gcc/avr/4.9.3/../../../../avr/lib/avr5/crtm32u4.o
__vector_default                                  /usr/local/Cellar/avr-gcc/4.9.3/lib/gcc/avr/4.9.3/../../../../avr/lib/avr5/crtm32u4.o
__vectors                                         /usr/local/Cellar/avr-gcc/4.9.3/lib/gcc/avr/4.9.3/../../../../avr/lib/avr5/crtm32u4.o
_div                                              /usr/local/Cellar/avr-gcc/4.9.3/lib/gcc/avr/4.9.3/avr5/libgcc.a(_divmodhi4.o)
_exit                                             /usr/local/Cellar/avr-gcc/4.9.3/lib/gcc/avr/4.9.3/avr5/libgcc.a(_exit.o)
ceil                                              /usr/local/Cellar/avr-gcc/4.9.3/lib/gcc/avr/4.9.3/../../../../avr/lib/avr5/libm.a(ceil.o)
                                                  sprite.o
clear_screen                                      graphics.o
draw_char                                         graphics.o
draw_int                                          graphics.o
draw_line                                         graphics.o
draw_sprite                                       sprite.o
draw_string                                       graphics.o
estimate_alloc                                    ram_utils.o
estimate_ram                                      ram_utils.o
exit                                              /usr/local/Cellar/avr-gcc/4.9.3/lib/gcc/avr/4.9.3/avr5/libgcc.a(_exit.o)
                                                  /usr/local/Cellar/avr-gcc/4.9.3/lib/gcc/avr/4.9.3/../../../../avr/lib/avr5/crtm32u4.o
floor                                             /usr/local/Cellar/avr-gcc/4.9.3/lib/gcc/avr/4.9.3/../../../../avr/lib/avr5/libm.a(floor.o)
                                                  sprite.o
free                                              /usr/local/Cellar/avr-gcc/4.9.3/lib/gcc/avr/4.9.3/../../../../avr/lib/avr5/libc.a(malloc.o)
init_sprite                                       sprite.o
lcd_clear                                         lcd.o
lcd_init                                          lcd.o
lcd_position                                      lcd.o
                                                  graphics.o
lcd_write                                         lcd.o
                                                  graphics.o
load_rom_bitmap                                   ram_utils.o
load_rom_string                                   ram_utils.o
main                                              /usr/local/Cellar/avr-gcc/4.9.3/lib/gcc/avr/4.9.3/../../../../avr/lib/avr5/crtm32u4.o
malloc                                            /usr/local/Cellar/avr-gcc/4.9.3/lib/gcc/avr/4.9.3/../../../../avr/lib/avr5/libc.a(malloc.o)
                                                  ram_utils.o
screen_buffer                                     graphics.o
set_pixel                                         graphics.o
                                                  sprite.o
show_screen                                       graphics.o
